../Core/Src/main.c:104:6:USART1_IRQHandler	4	static
../Core/Src/main.c:116:5:_write	32	static
../Core/Src/main.c:147:6:mpu_init	32	static
../Core/Src/main.c:156:6:mpu_read	48	static
../Core/Src/main.c:179:6:mpu_scaling	16	static
../Core/Src/main.c:192:6:bmp_init	32	static
../Core/Src/main.c:206:6:bmp_read_calib_data	64	static
../Core/Src/main.c:232:6:bmp_raw_read	40	static
../Core/Src/main.c:254:6:bmp_scaling	336	static
../Core/Src/main.c:296:6:toggle	4	static
../Core/Src/main.c:307:6:displayCurrentState	120	static
../Core/Src/main.c:318:6:flushBuffer	8	static
../Core/Src/main.c:329:6:log_data	16	static
../Core/Src/main.c:353:6:I2C_Lock	4	static
../Core/Src/main.c:359:6:I2C_Unlock	4	static
../Core/Src/main.c:365:6:call_mpu	8	static
../Core/Src/main.c:373:6:call_bmp_raw	8	static
../Core/Src/main.c:379:6:call_bmp_scaling	8	static
../Core/Src/main.c:383:6:call_displayCurrentState	8	static
../Core/Src/main.c:387:6:call_toggle	8	static
../Core/Src/main.c:391:6:call_logger	8	static
../Core/Src/main.c:404:6:cooperativeScheduler	16	static
../Core/Src/main.c:430:5:main	16	static
../Core/Src/main.c:530:6:SystemClock_Config	72	static
../Core/Src/main.c:570:13:MX_I2C2_Init	8	static
../Core/Src/main.c:604:13:MX_SPI1_Init	8	static
../Core/Src/main.c:642:13:MX_USART1_UART_Init	8	static
../Core/Src/main.c:675:13:MX_GPIO_Init	40	static
../Core/Src/main.c:721:6:Error_Handler	4	static,ignoring_inline_asm
